INFO 2026-06-01 15:41:58,958 autoreload Watching for file changes with StatReloader
INFO 2026-06-01 15:43:08,277 autoreload C:\Users\л\Desktop\Курсовая\quince\QUINCE\quince_project\settings.py changed, reloading.
INFO 2026-06-01 15:43:08,731 autoreload Watching for file changes with StatReloader
INFO 2026-06-01 15:43:32,129 autoreload Watching for file changes with StatReloader
INFO 2026-06-01 15:43:36,805 log "GET / HTTP/1.1" 200 4029
INFO 2026-06-01 15:43:36,853 log "GET /static/main/css/style.css HTTP/1.1" 200 10312
WARNING 2026-06-01 15:43:38,011 log Not Found: /favicon.ico
WARNING 2026-06-01 15:43:38,011 log "GET /favicon.ico HTTP/1.1" 404 6869
INFO 2026-06-01 15:43:43,560 log "GET / HTTP/1.1" 200 4029
INFO 2026-06-01 15:43:44,495 log "GET /menu/ HTTP/1.1" 200 8381
WARNING 2026-06-01 15:43:44,511 log "GET /static/main/images/placeholder.jpg HTTP/1.1" 404 1895
WARNING 2026-06-01 15:43:44,525 log "GET /static/main/images/placeholder.jpg HTTP/1.1" 404 1895
INFO 2026-06-01 15:43:46,799 log "GET /cart/ HTTP/1.1" 200 5471
INFO 2026-06-01 15:43:47,936 log "GET /reviews/ HTTP/1.1" 200 5317
INFO 2026-06-01 15:43:50,215 log "GET / HTTP/1.1" 200 4029
INFO 2026-06-01 15:43:52,147 log "GET /logout/ HTTP/1.1" 302 0
INFO 2026-06-01 15:43:52,156 log "GET / HTTP/1.1" 200 3917
INFO 2026-06-01 15:44:03,255 log "GET /login/ HTTP/1.1" 200 4041
INFO 2026-06-01 15:44:06,926 log "POST /login/ HTTP/1.1" 302 0
INFO 2026-06-01 15:44:06,938 log "GET / HTTP/1.1" 200 4029
INFO 2026-06-01 15:44:09,698 log "GET /menu/ HTTP/1.1" 200 8381
WARNING 2026-06-01 15:44:09,714 log "GET /static/main/images/placeholder.jpg HTTP/1.1" 404 1895
WARNING 2026-06-01 15:44:09,731 log "GET /static/main/images/placeholder.jpg HTTP/1.1" 404 1895
INFO 2026-06-01 15:44:13,533 log "GET /add-to-cart/1/ HTTP/1.1" 302 0
INFO 2026-06-01 15:44:13,544 log "GET /menu/ HTTP/1.1" 200 8521
WARNING 2026-06-01 15:44:13,571 log "GET /static/main/images/placeholder.jpg HTTP/1.1" 404 1895
INFO 2026-06-01 15:44:16,494 log "GET /cart/ HTTP/1.1" 200 6413
INFO 2026-06-01 15:44:20,111 log "GET /checkout/ HTTP/1.1" 200 4914
INFO 2026-06-01 15:44:28,231 log "POST /checkout/ HTTP/1.1" 302 0
INFO 2026-06-01 15:44:28,244 log "GET /order-history/ HTTP/1.1" 200 4064
INFO 2026-06-01 15:44:36,312 log "GET /cart/ HTTP/1.1" 200 3541
INFO 2026-06-01 15:44:39,152 log "GET /reviews/ HTTP/1.1" 200 5317
INFO 2026-06-01 15:44:41,641 log "GET /add-review/ HTTP/1.1" 200 4421
INFO 2026-06-01 15:56:00,986 log "GET /menu/ HTTP/1.1" 200 8539
WARNING 2026-06-01 15:56:01,007 log "GET /static/main/images/placeholder.jpg HTTP/1.1" 404 1895
WARNING 2026-06-01 15:56:01,024 log "GET /static/main/images/placeholder.jpg HTTP/1.1" 404 1895
INFO 2026-06-01 15:56:31,322 log "GET /menu/ HTTP/1.1" 200 8390
WARNING 2026-06-01 15:56:31,343 log "GET /static/main/images/placeholder.jpg HTTP/1.1" 404 1895
INFO 2026-06-04 10:48:19,055 autoreload Watching for file changes with StatReloader
INFO 2026-06-04 10:48:23,640 log "GET / HTTP/1.1" 200 4029
INFO 2026-06-04 10:48:23,687 log "GET /static/main/css/style.css HTTP/1.1" 304 0
WARNING 2026-06-04 10:48:24,060 log Not Found: /favicon.ico
WARNING 2026-06-04 10:48:24,061 log "GET /favicon.ico HTTP/1.1" 404 6869
INFO 2026-06-04 10:48:31,287 log "GET /logout/ HTTP/1.1" 302 0
INFO 2026-06-04 10:48:31,305 log "GET / HTTP/1.1" 200 3917
INFO 2026-06-04 10:48:36,505 log "GET /menu/ HTTP/1.1" 200 8278
WARNING 2026-06-04 10:48:36,562 log "GET /static/main/images/placeholder.jpg HTTP/1.1" 404 1895
INFO 2026-06-04 10:48:39,565 log "GET /add-to-cart/1/ HTTP/1.1" 302 0
WARNING 2026-06-04 10:48:39,594 log Not Found: /accounts/login/
WARNING 2026-06-04 10:48:39,595 log "GET /accounts/login/?next=/add-to-cart/1/ HTTP/1.1" 404 6902
INFO 2026-06-04 10:48:46,688 log "GET /register/ HTTP/1.1" 200 5270
INFO 2026-06-04 10:48:50,758 log "GET /login/ HTTP/1.1" 200 4041
INFO 2026-06-04 10:48:57,822 log "POST /login/ HTTP/1.1" 302 0
INFO 2026-06-04 10:48:57,849 log "GET / HTTP/1.1" 200 4029
INFO 2026-06-04 10:49:00,650 log "GET /menu/ HTTP/1.1" 200 8390
WARNING 2026-06-04 10:49:00,698 log "GET /static/main/images/placeholder.jpg HTTP/1.1" 404 1895
WARNING 2026-06-04 10:49:00,738 log "GET /static/main/images/placeholder.jpg HTTP/1.1" 404 1895
INFO 2026-06-04 10:49:07,471 log "GET /add-to-cart/1/ HTTP/1.1" 302 0
INFO 2026-06-04 10:49:07,495 log "GET /menu/ HTTP/1.1" 200 8530
WARNING 2026-06-04 10:49:09,138 log "GET /static/main/images/placeholder.jpg HTTP/1.1" 404 1895
INFO 2026-06-04 10:49:29,427 log "GET /cart/ HTTP/1.1" 200 5490
INFO 2026-06-04 10:49:33,790 log "GET /checkout/ HTTP/1.1" 200 4913
INFO 2026-06-04 10:49:40,762 log "POST /checkout/ HTTP/1.1" 302 0
INFO 2026-06-04 10:49:40,857 log "GET /order-history/ HTTP/1.1" 200 4523
INFO 2026-06-04 10:49:45,578 log "GET /reviews/ HTTP/1.1" 200 5317
INFO 2026-06-04 10:49:47,509 log "GET /add-review/ HTTP/1.1" 200 4421
INFO 2026-06-04 10:49:58,107 log "GET / HTTP/1.1" 200 4029
INFO 2026-06-05 21:25:48,797 autoreload Watching for file changes with StatReloader
INFO 2026-06-05 21:25:52,458 log "GET /logout/ HTTP/1.1" 302 0
INFO 2026-06-05 21:25:52,483 log "GET / HTTP/1.1" 200 3917
INFO 2026-06-05 21:25:52,568 log "GET /static/main/css/style.css HTTP/1.1" 304 0
WARNING 2026-06-05 21:25:52,819 log Not Found: /favicon.ico
WARNING 2026-06-05 21:25:52,820 log "GET /favicon.ico HTTP/1.1" 404 6869
INFO 2026-06-05 21:25:55,346 log "GET /register/ HTTP/1.1" 200 5270
INFO 2026-06-05 21:28:30,039 log "GET /register/ HTTP/1.1" 200 7402
INFO 2026-06-05 21:28:30,112 log "GET /static/main/css/style.css HTTP/1.1" 200 10312
WARNING 2026-06-05 21:28:30,647 log Not Found: /favicon.ico
WARNING 2026-06-05 21:28:30,647 log "GET /favicon.ico HTTP/1.1" 404 6869
INFO 2026-06-05 21:30:11,245 log "GET /menu/ HTTP/1.1" 200 8278
WARNING 2026-06-05 21:30:11,267 log "GET /static/main/images/placeholder.jpg HTTP/1.1" 404 1895
WARNING 2026-06-05 21:30:11,285 log "GET /static/main/images/placeholder.jpg HTTP/1.1" 404 1895
INFO 2026-06-05 21:30:14,017 log "GET /add-to-cart/1/ HTTP/1.1" 302 0
WARNING 2026-06-05 21:30:14,027 log Not Found: /accounts/login/
WARNING 2026-06-05 21:30:14,027 log "GET /accounts/login/?next=/add-to-cart/1/ HTTP/1.1" 404 6902
INFO 2026-06-05 21:40:40,449 log "GET /menu/ HTTP/1.1" 200 8059
INFO 2026-06-05 21:40:40,471 log "GET /static/main/css/style.css HTTP/1.1" 200 10312
WARNING 2026-06-05 21:40:40,474 log "GET /static/main/images/placeholder.jpg HTTP/1.1" 404 1895
WARNING 2026-06-05 21:40:42,031 log "GET /static/main/images/placeholder.jpg HTTP/1.1" 404 1895
WARNING 2026-06-05 21:40:42,438 log Not Found: /favicon.ico
WARNING 2026-06-05 21:40:42,438 log "GET /favicon.ico HTTP/1.1" 404 6869
INFO 2026-06-05 21:40:47,001 log "GET /login/ HTTP/1.1" 200 4041
INFO 2026-06-05 21:43:30,771 log "POST /login/ HTTP/1.1" 302 0
INFO 2026-06-05 21:43:30,784 log "GET / HTTP/1.1" 200 4029
INFO 2026-06-05 21:43:34,419 log "GET /menu/ HTTP/1.1" 200 8109
WARNING 2026-06-05 21:43:34,440 log "GET /static/main/images/placeholder.jpg HTTP/1.1" 404 1895
WARNING 2026-06-05 21:43:34,457 log "GET /static/main/images/placeholder.jpg HTTP/1.1" 404 1895
INFO 2026-06-05 22:02:39,572 autoreload Watching for file changes with StatReloader
INFO 2026-06-05 22:02:47,687 log "GET /menu/ HTTP/1.1" 200 9145
WARNING 2026-06-05 22:02:47,708 log "GET /static/main/images/placeholder.jpg HTTP/1.1" 404 1895
INFO 2026-06-05 22:02:47,747 log "GET /static/main/css/style.css HTTP/1.1" 200 10312
WARNING 2026-06-05 22:02:47,966 log "GET /static/main/images/placeholder.jpg HTTP/1.1" 404 1895
WARNING 2026-06-05 22:02:48,388 log Not Found: /favicon.ico
WARNING 2026-06-05 22:02:48,389 log "GET /favicon.ico HTTP/1.1" 404 6869
INFO 2026-06-05 22:09:04,265 log "GET /menu/ HTTP/1.1" 200 9145
WARNING 2026-06-05 22:09:04,290 log "GET /static/main/images/placeholder.jpg HTTP/1.1" 404 1895
WARNING 2026-06-05 22:09:04,299 log "GET /static/main/images/placeholder.jpg HTTP/1.1" 404 1895
INFO 2026-06-05 22:09:07,102 log "GET / HTTP/1.1" 200 4029
INFO 2026-06-05 22:09:27,503 autoreload Watching for file changes with StatReloader
INFO 2026-06-05 22:09:30,448 log "GET / HTTP/1.1" 200 4029
INFO 2026-06-05 22:09:30,505 log "GET /static/main/css/style.css HTTP/1.1" 200 11721
WARNING 2026-06-05 22:09:30,715 log Not Found: /favicon.ico
WARNING 2026-06-05 22:09:30,715 log "GET /favicon.ico HTTP/1.1" 404 6869
INFO 2026-06-05 22:09:37,439 log "GET / HTTP/1.1" 200 4029
INFO 2026-06-05 22:09:37,452 log "GET /static/main/css/style.css HTTP/1.1" 304 0
INFO 2026-06-05 22:09:40,651 log "GET /menu/ HTTP/1.1" 200 9145
INFO 2026-06-05 22:09:40,668 log "GET /static/main/css/style.css HTTP/1.1" 304 0
WARNING 2026-06-05 22:09:40,669 log "GET /static/main/images/placeholder.jpg HTTP/1.1" 404 1895
WARNING 2026-06-05 22:09:40,684 log "GET /static/main/images/placeholder.jpg HTTP/1.1" 404 1895
INFO 2026-06-05 22:09:43,746 log "GET /cart/ HTTP/1.1" 200 3541
INFO 2026-06-05 22:09:43,764 log "GET /static/main/css/style.css HTTP/1.1" 304 0
INFO 2026-06-05 22:09:45,289 log "GET / HTTP/1.1" 200 4029
INFO 2026-06-05 22:09:45,303 log "GET /static/main/css/style.css HTTP/1.1" 304 0
INFO 2026-06-05 22:11:36,698 log "GET / HTTP/1.1" 200 4029
INFO 2026-06-05 22:11:36,715 log "GET /static/main/css/style.css HTTP/1.1" 200 10931
WARNING 2026-06-05 22:11:37,368 log Not Found: /favicon.ico
WARNING 2026-06-05 22:11:37,368 log "GET /favicon.ico HTTP/1.1" 404 6869
INFO 2026-06-05 22:11:42,725 log "GET / HTTP/1.1" 200 4029
INFO 2026-06-05 22:11:42,740 log "GET /static/main/css/style.css HTTP/1.1" 304 0
INFO 2026-06-05 22:11:44,016 log "GET /menu/ HTTP/1.1" 200 9145
INFO 2026-06-05 22:11:44,035 log "GET /static/main/css/style.css HTTP/1.1" 304 0
WARNING 2026-06-05 22:11:44,035 log "GET /static/main/images/placeholder.jpg HTTP/1.1" 404 1895
WARNING 2026-06-05 22:11:44,050 log "GET /static/main/images/placeholder.jpg HTTP/1.1" 404 1895
INFO 2026-06-05 22:11:48,303 log "GET /cart/ HTTP/1.1" 200 3541
INFO 2026-06-05 22:11:48,315 log "GET /static/main/css/style.css HTTP/1.1" 304 0
INFO 2026-06-05 22:11:49,397 log "GET /reviews/ HTTP/1.1" 200 5317
INFO 2026-06-05 22:11:54,080 log "GET / HTTP/1.1" 200 4029
INFO 2026-06-05 22:11:54,095 log "GET /static/main/css/style.css HTTP/1.1" 304 0
INFO 2026-06-05 22:11:55,475 log "GET /menu/ HTTP/1.1" 200 9145
WARNING 2026-06-05 22:11:55,493 log "GET /static/main/images/placeholder.jpg HTTP/1.1" 404 1895
WARNING 2026-06-05 22:11:55,507 log "GET /static/main/images/placeholder.jpg HTTP/1.1" 404 1895
INFO 2026-06-05 22:11:56,715 log "GET /logout/ HTTP/1.1" 302 0
INFO 2026-06-05 22:11:56,723 log "GET / HTTP/1.1" 200 3917
INFO 2026-06-05 22:11:56,742 log "GET /static/main/css/style.css HTTP/1.1" 304 0
INFO 2026-06-05 22:11:58,407 log "GET /register/ HTTP/1.1" 200 7402
INFO 2026-06-05 22:12:01,996 log "GET / HTTP/1.1" 200 3917
INFO 2026-06-05 22:12:02,007 log "GET /static/main/css/style.css HTTP/1.1" 304 0
INFO 2026-06-05 22:12:02,843 log "GET /menu/ HTTP/1.1" 200 9119
WARNING 2026-06-05 22:12:02,867 log "GET /static/main/images/placeholder.jpg HTTP/1.1" 404 1895
WARNING 2026-06-05 22:12:02,883 log "GET /static/main/images/placeholder.jpg HTTP/1.1" 404 1895
INFO 2026-06-05 22:13:23,357 log "GET / HTTP/1.1" 200 3917
INFO 2026-06-05 22:13:23,451 log "GET /static/main/css/style.css HTTP/1.1" 304 0
INFO 2026-06-05 22:13:26,597 log "GET /login/ HTTP/1.1" 200 4041
INFO 2026-06-05 22:13:29,158 log "GET /register/ HTTP/1.1" 200 7402
INFO 2026-06-05 22:13:31,319 log "GET /login/ HTTP/1.1" 200 4041
INFO 2026-06-05 22:13:33,325 log "GET /register/ HTTP/1.1" 200 7402
INFO 2026-06-05 22:13:36,056 log "GET /login/ HTTP/1.1" 200 4041
INFO 2026-06-05 22:13:36,075 log "GET /static/main/css/style.css HTTP/1.1" 304 0
INFO 2026-06-05 22:13:38,258 log "POST /login/ HTTP/1.1" 302 0
INFO 2026-06-05 22:13:38,270 log "GET / HTTP/1.1" 200 4029
INFO 2026-06-05 22:13:40,905 log "GET /reviews/ HTTP/1.1" 200 5317
INFO 2026-06-05 22:13:42,152 log "GET /cart/ HTTP/1.1" 200 3541
INFO 2026-06-05 22:13:43,265 log "GET /menu/ HTTP/1.1" 200 9145
WARNING 2026-06-05 22:13:43,282 log "GET /static/main/images/placeholder.jpg HTTP/1.1" 404 1895
WARNING 2026-06-05 22:13:43,300 log "GET /static/main/images/placeholder.jpg HTTP/1.1" 404 1895
INFO 2026-06-05 22:16:23,520 log "GET /cart/ HTTP/1.1" 200 3541
INFO 2026-06-05 22:16:23,533 log "GET /static/main/css/style.css HTTP/1.1" 304 0
INFO 2026-06-05 22:17:21,522 log "GET /cart/ HTTP/1.1" 200 3610
INFO 2026-06-05 22:17:21,542 log "GET /static/main/css/style.css HTTP/1.1" 200 10931
WARNING 2026-06-05 22:17:21,974 log Not Found: /favicon.ico
WARNING 2026-06-05 22:17:21,975 log "GET /favicon.ico HTTP/1.1" 404 6869
INFO 2026-06-05 22:18:04,239 log "GET /cart/ HTTP/1.1" 200 3562
INFO 2026-06-05 22:18:04,257 log "GET /static/main/css/style.css HTTP/1.1" 200 10931
WARNING 2026-06-05 22:18:04,532 log Not Found: /favicon.ico
WARNING 2026-06-05 22:18:04,532 log "GET /favicon.ico HTTP/1.1" 404 6869
INFO 2026-06-05 22:18:08,336 log "GET /cart/ HTTP/1.1" 200 3562
INFO 2026-06-05 22:18:09,731 log "GET /menu/ HTTP/1.1" 200 9145
WARNING 2026-06-05 22:18:09,747 log "GET /static/main/images/placeholder.jpg HTTP/1.1" 404 1895
WARNING 2026-06-05 22:18:09,764 log "GET /static/main/images/placeholder.jpg HTTP/1.1" 404 1895
INFO 2026-06-05 22:18:17,966 log "GET / HTTP/1.1" 200 4029
INFO 2026-06-05 22:18:34,860 log "GET /menu/ HTTP/1.1" 200 9145
WARNING 2026-06-05 22:18:34,878 log "GET /static/main/images/placeholder.jpg HTTP/1.1" 404 1895
WARNING 2026-06-05 22:18:34,897 log "GET /static/main/images/placeholder.jpg HTTP/1.1" 404 1895
WARNING 2026-06-11 17:43:13,109 log Not Found: /accounts/login/
WARNING 2026-06-11 17:43:16,355 log Not Found: /accounts/login/
WARNING 2026-06-11 17:43:17,440 log Not Found: /accounts/login/
WARNING 2026-06-11 17:43:27,218 log Not Found: /accounts/login/
INFO 2026-06-11 18:24:26,465 autoreload Watching for file changes with StatReloader
INFO 2026-06-11 18:24:32,104 log "GET /cart/ HTTP/1.1" 200 3562
INFO 2026-06-11 18:24:32,136 log "GET /static/main/css/style.css HTTP/1.1" 304 0
WARNING 2026-06-11 18:24:32,351 log Not Found: /favicon.ico
WARNING 2026-06-11 18:24:32,352 log "GET /favicon.ico HTTP/1.1" 404 6869
INFO 2026-06-11 18:24:34,443 log "GET /menu/ HTTP/1.1" 200 9353
WARNING 2026-06-11 18:24:34,484 log "GET /static/main/images/placeholder.jpg HTTP/1.1" 404 1895
WARNING 2026-06-11 18:24:34,511 log "GET /static/main/images/placeholder.jpg HTTP/1.1" 404 1895
INFO 2026-06-11 18:24:51,888 log "GET / HTTP/1.1" 200 4029
INFO 2026-06-11 18:24:56,513 log "GET /menu/ HTTP/1.1" 200 9353
WARNING 2026-06-11 18:24:56,537 log "GET /static/main/images/placeholder.jpg HTTP/1.1" 404 1895
WARNING 2026-06-11 18:24:56,563 log "GET /static/main/images/placeholder.jpg HTTP/1.1" 404 1895
INFO 2026-06-11 18:24:58,369 log "GET /menu/ HTTP/1.1" 200 9353
WARNING 2026-06-11 18:24:58,437 log "GET /static/main/images/placeholder.jpg HTTP/1.1" 404 1895
WARNING 2026-06-11 18:24:58,459 log "GET /static/main/images/placeholder.jpg HTTP/1.1" 404 1895
INFO 2026-06-11 18:24:59,411 log "GET /cart/ HTTP/1.1" 200 3562
INFO 2026-06-11 18:25:00,671 log "GET /reviews/ HTTP/1.1" 200 5317
INFO 2026-06-11 18:26:34,568 log "GET /cart/ HTTP/1.1" 200 3562
INFO 2026-06-11 18:26:38,754 log "GET /reviews/ HTTP/1.1" 200 5317
INFO 2026-06-11 18:26:40,280 log "GET / HTTP/1.1" 200 4029
INFO 2026-06-11 18:35:57,891 autoreload Watching for file changes with StatReloader
INFO 2026-06-11 18:36:02,614 log "GET / HTTP/1.1" 200 4029
INFO 2026-06-11 18:36:02,730 log "GET /static/main/css/style.css HTTP/1.1" 200 10931
WARNING 2026-06-11 18:36:03,226 log Not Found: /favicon.ico
WARNING 2026-06-11 18:36:03,227 log "GET /favicon.ico HTTP/1.1" 404 6869
INFO 2026-06-11 18:36:05,433 log "GET /menu/ HTTP/1.1" 200 9353
WARNING 2026-06-11 18:36:05,471 log "GET /static/main/images/placeholder.jpg HTTP/1.1" 404 1895
WARNING 2026-06-11 18:36:05,502 log "GET /static/main/images/placeholder.jpg HTTP/1.1" 404 1895
INFO 2026-06-11 18:36:06,681 log "GET /add-to-cart/1/ HTTP/1.1" 302 0
INFO 2026-06-11 18:36:06,702 log "GET /menu/ HTTP/1.1" 200 9493
WARNING 2026-06-11 18:36:06,748 log "GET /static/main/images/placeholder.jpg HTTP/1.1" 404 1895
INFO 2026-06-11 18:36:08,096 log "GET /cart/ HTTP/1.1" 200 5442
INFO 2026-06-11 18:36:09,322 log "GET /checkout/ HTTP/1.1" 200 5039
INFO 2026-06-11 18:36:16,367 log "POST /checkout/ HTTP/1.1" 302 0
INFO 2026-06-11 18:36:16,435 log "GET /order-history/ HTTP/1.1" 200 11960
INFO 2026-06-11 18:38:17,339 log "GET /order-history/ HTTP/1.1" 200 11265
INFO 2026-06-11 18:38:17,371 log "GET /static/main/css/style.css HTTP/1.1" 200 10931
INFO 2026-06-11 18:38:17,557 log "GET /order-history/ HTTP/1.1" 200 11265
INFO 2026-06-11 18:38:17,584 log "GET /static/main/css/style.css HTTP/1.1" 200 10931
WARNING 2026-06-11 18:38:17,849 log Not Found: /favicon.ico
WARNING 2026-06-11 18:38:17,850 log "GET /favicon.ico HTTP/1.1" 404 6869
INFO 2026-06-11 21:00:08,026 log "GET / HTTP/1.1" 200 4029
INFO 2026-06-11 21:00:12,899 log "GET /admin/ HTTP/1.1" 200 13752
INFO 2026-06-11 21:00:12,998 log "GET /static/admin/css/base.css HTTP/1.1" 304 0
INFO 2026-06-11 21:00:12,999 log "GET /static/admin/css/dark_mode.css HTTP/1.1" 304 0
INFO 2026-06-11 21:00:13,011 log "GET /static/admin/css/nav_sidebar.css HTTP/1.1" 304 0
INFO 2026-06-11 21:00:13,029 log "GET /static/admin/css/dashboard.css HTTP/1.1" 304 0
INFO 2026-06-11 21:00:13,030 log "GET /static/admin/js/theme.js HTTP/1.1" 304 0
INFO 2026-06-11 21:00:13,031 log "GET /static/admin/css/responsive.css HTTP/1.1" 304 0
INFO 2026-06-11 21:00:13,046 log "GET /static/admin/js/nav_sidebar.js HTTP/1.1" 304 0
INFO 2026-06-11 21:00:13,067 log "GET /static/admin/img/icon-changelink.svg HTTP/1.1" 304 0
INFO 2026-06-11 21:00:13,068 log "GET /static/admin/img/icon-addlink.svg HTTP/1.1" 304 0
INFO 2026-06-11 21:00:14,962 log "GET /admin/ HTTP/1.1" 200 13752
INFO 2026-06-11 21:00:24,167 log "GET /admin/main/orderitem/ HTTP/1.1" 200 12940
INFO 2026-06-11 21:00:24,213 log "GET /static/admin/css/changelists.css HTTP/1.1" 304 0
INFO 2026-06-11 21:00:24,216 log "GET /static/admin/js/vendor/jquery/jquery.js HTTP/1.1" 304 0
INFO 2026-06-11 21:00:24,226 log "GET /static/admin/js/core.js HTTP/1.1" 304 0
INFO 2026-06-11 21:00:24,227 log "GET /static/admin/js/actions.js HTTP/1.1" 304 0
INFO 2026-06-11 21:00:24,229 log "GET /static/admin/js/admin/RelatedObjectLookups.js HTTP/1.1" 304 0
INFO 2026-06-11 21:00:24,234 log "GET /static/admin/js/prepopulate.js HTTP/1.1" 304 0
INFO 2026-06-11 21:00:24,234 log "GET /static/admin/js/jquery.init.js HTTP/1.1" 304 0
INFO 2026-06-11 21:00:24,255 log "GET /admin/jsi18n/ HTTP/1.1" 200 3342
INFO 2026-06-11 21:00:24,295 log "GET /static/admin/js/vendor/xregexp/xregexp.js HTTP/1.1" 304 0
INFO 2026-06-11 21:00:24,296 log "GET /static/admin/js/urlify.js HTTP/1.1" 304 0
INFO 2026-06-11 21:00:24,372 log "GET /static/admin/js/filters.js HTTP/1.1" 304 0
INFO 2026-06-11 21:00:24,414 log "GET /static/admin/img/tooltag-add.svg HTTP/1.1" 304 0
INFO 2026-06-11 21:00:27,151 log "GET /admin/main/orderitem/4/change/ HTTP/1.1" 200 15743
INFO 2026-06-11 21:00:27,190 log "GET /static/admin/css/forms.css HTTP/1.1" 304 0
INFO 2026-06-11 21:00:27,193 log "GET /static/admin/js/prepopulate_init.js HTTP/1.1" 304 0
INFO 2026-06-11 21:00:27,199 log "GET /admin/jsi18n/ HTTP/1.1" 200 3342
INFO 2026-06-11 21:00:27,208 log "GET /static/admin/css/widgets.css HTTP/1.1" 304 0
INFO 2026-06-11 21:00:27,216 log "GET /static/admin/img/icon-viewlink.svg HTTP/1.1" 304 0
INFO 2026-06-11 21:00:27,223 log "GET /static/admin/js/change_form.js HTTP/1.1" 304 0
INFO 2026-06-11 21:00:36,435 log "GET /admin/main/order/ HTTP/1.1" 200 12350
INFO 2026-06-11 21:00:36,477 log "GET /admin/jsi18n/ HTTP/1.1" 200 3342
INFO 2026-06-11 21:00:38,320 log "GET /admin/main/order/3/change/ HTTP/1.1" 200 16705
INFO 2026-06-11 21:00:38,367 log "GET /admin/jsi18n/ HTTP/1.1" 200 3342
INFO 2026-06-11 21:00:45,839 log "POST /admin/main/order/3/change/ HTTP/1.1" 302 0
INFO 2026-06-11 21:00:45,878 log "GET /admin/main/order/ HTTP/1.1" 200 12563
INFO 2026-06-11 21:00:45,922 log "GET /admin/jsi18n/ HTTP/1.1" 200 3342
INFO 2026-06-11 21:00:45,962 log "GET /static/admin/img/icon-yes.svg HTTP/1.1" 304 0
INFO 2026-06-11 21:00:52,678 log "GET /admin/ HTTP/1.1" 200 13758
INFO 2026-06-11 21:00:53,090 log "GET / HTTP/1.1" 200 4029
INFO 2026-06-11 21:00:56,172 log "GET /cart/ HTTP/1.1" 200 3562
INFO 2026-06-11 21:00:57,435 log "GET /reviews/ HTTP/1.1" 200 5317
INFO 2026-06-11 21:00:59,693 log "GET /menu/ HTTP/1.1" 200 9353
WARNING 2026-06-11 21:00:59,736 log "GET /static/main/images/placeholder.jpg HTTP/1.1" 404 1895
WARNING 2026-06-11 21:00:59,771 log "GET /static/main/images/placeholder.jpg HTTP/1.1" 404 1895
INFO 2026-06-11 21:01:02,112 log "GET /add-to-cart/1/ HTTP/1.1" 302 0
INFO 2026-06-11 21:01:02,132 log "GET /menu/ HTTP/1.1" 200 9493
WARNING 2026-06-11 21:01:02,187 log "GET /static/main/images/placeholder.jpg HTTP/1.1" 404 1895
INFO 2026-06-11 21:01:04,230 log "GET /cart/ HTTP/1.1" 200 5444
INFO 2026-06-11 21:01:05,506 log "GET /checkout/ HTTP/1.1" 200 5039
INFO 2026-06-11 21:01:10,728 log "POST /checkout/ HTTP/1.1" 302 0
INFO 2026-06-11 21:01:10,763 log "GET /order-history/ HTTP/1.1" 200 12945
INFO 2026-06-11 21:01:24,249 log "GET / HTTP/1.1" 200 4029
INFO 2026-06-11 21:01:35,298 log "GET /logout/ HTTP/1.1" 302 0
INFO 2026-06-11 21:01:35,315 log "GET / HTTP/1.1" 200 3917
INFO 2026-06-11 21:01:37,618 log "GET /register/ HTTP/1.1" 200 7402
INFO 2026-06-11 21:01:44,877 log "GET /login/ HTTP/1.1" 200 4041
INFO 2026-06-11 21:01:46,811 log "GET /register/ HTTP/1.1" 200 7402
INFO 2026-06-11 21:01:51,896 log "GET /menu/ HTTP/1.1" 200 9327
WARNING 2026-06-11 21:01:51,947 log "GET /static/main/images/placeholder.jpg HTTP/1.1" 404 1895
WARNING 2026-06-11 21:01:51,988 log "GET /static/main/images/placeholder.jpg HTTP/1.1" 404 1895
INFO 2026-06-11 21:01:53,491 log "GET / HTTP/1.1" 200 3917
INFO 2026-06-11 21:01:54,639 log "GET /menu/ HTTP/1.1" 200 9327
WARNING 2026-06-11 21:01:54,673 log "GET /static/main/images/placeholder.jpg HTTP/1.1" 404 1895
WARNING 2026-06-11 21:01:54,709 log "GET /static/main/images/placeholder.jpg HTTP/1.1" 404 1895
INFO 2026-06-11 21:01:55,567 log "GET / HTTP/1.1" 200 3917
INFO 2026-06-11 21:01:57,167 log "GET /menu/ HTTP/1.1" 200 9327
WARNING 2026-06-11 21:01:57,200 log "GET /static/main/images/placeholder.jpg HTTP/1.1" 404 1895
WARNING 2026-06-11 21:01:57,237 log "GET /static/main/images/placeholder.jpg HTTP/1.1" 404 1895
INFO 2026-06-11 21:01:58,739 log "GET /login/?next=/menu/ HTTP/1.1" 200 4053
INFO 2026-06-11 21:02:12,820 log "GET /menu/ HTTP/1.1" 200 9327
WARNING 2026-06-11 21:02:12,864 log "GET /static/main/images/placeholder.jpg HTTP/1.1" 404 1895
WARNING 2026-06-11 21:02:12,882 log "GET /static/main/images/placeholder.jpg HTTP/1.1" 404 1895
INFO 2026-06-11 21:09:25,663 autoreload C:\Users\л\Desktop\Курсовая\quince\QUINCE\main\urls.py changed, reloading.
INFO 2026-06-11 21:09:27,262 autoreload Watching for file changes with StatReloader
INFO 2026-06-11 21:09:41,181 autoreload C:\Users\л\Desktop\Курсовая\quince\QUINCE\main\views.py changed, reloading.
INFO 2026-06-11 21:09:42,157 autoreload Watching for file changes with StatReloader
INFO 2026-06-11 21:09:48,951 log "GET /menu/ HTTP/1.1" 200 9379
WARNING 2026-06-11 21:09:48,998 log "GET /static/main/images/placeholder.jpg HTTP/1.1" 404 1895
INFO 2026-06-11 21:09:49,100 log "GET /static/main/css/style.css HTTP/1.1" 200 10931
WARNING 2026-06-11 21:09:49,309 log "GET /static/main/images/placeholder.jpg HTTP/1.1" 404 1895
WARNING 2026-06-11 21:09:50,131 log Not Found: /favicon.ico
WARNING 2026-06-11 21:09:50,132 log "GET /favicon.ico HTTP/1.1" 404 7128
INFO 2026-06-11 21:09:52,236 log "GET /contacts/ HTTP/1.1" 200 9587
INFO 2026-06-11 21:10:26,511 log "GET /contacts/ HTTP/1.1" 200 9587
INFO 2026-06-11 21:12:59,603 log "GET /contacts/ HTTP/1.1" 200 9587
INFO 2026-06-11 21:12:59,655 log "GET /static/main/css/style.css HTTP/1.1" 200 11078
WARNING 2026-06-11 21:13:00,039 log Not Found: /favicon.ico
WARNING 2026-06-11 21:13:00,040 log "GET /favicon.ico HTTP/1.1" 404 7128
INFO 2026-06-11 21:13:10,186 log "GET / HTTP/1.1" 200 3969
INFO 2026-06-11 21:13:10,221 log "GET /static/main/css/style.css HTTP/1.1" 304 0
INFO 2026-06-11 21:13:16,128 log "GET /menu/ HTTP/1.1" 200 9379
INFO 2026-06-11 21:13:16,219 log "GET /static/main/css/style.css HTTP/1.1" 304 0
WARNING 2026-06-11 21:13:16,222 log "GET /static/main/images/placeholder.jpg HTTP/1.1" 404 1895
WARNING 2026-06-11 21:13:16,267 log "GET /static/main/images/placeholder.jpg HTTP/1.1" 404 1895
INFO 2026-06-11 21:13:19,794 log "GET /login/ HTTP/1.1" 200 4093
INFO 2026-06-11 21:13:19,830 log "GET /static/main/css/style.css HTTP/1.1" 304 0
INFO 2026-06-11 21:13:23,182 log "GET / HTTP/1.1" 200 3969
INFO 2026-06-11 21:13:23,210 log "GET /static/main/css/style.css HTTP/1.1" 304 0
INFO 2026-06-11 21:13:24,202 log "GET /menu/ HTTP/1.1" 200 9379
WARNING 2026-06-11 21:13:24,236 log "GET /static/main/images/placeholder.jpg HTTP/1.1" 404 1895
WARNING 2026-06-11 21:13:24,274 log "GET /static/main/images/placeholder.jpg HTTP/1.1" 404 1895
INFO 2026-06-11 21:20:06,767 autoreload Watching for file changes with StatReloader
INFO 2026-06-11 21:20:07,062 log "GET /admin/ HTTP/1.1" 302 0
INFO 2026-06-11 21:20:07,185 log "GET /admin/login/?next=/admin/ HTTP/1.1" 200 4080
INFO 2026-06-11 21:20:07,401 log "GET /static/admin/css/login.css HTTP/1.1" 200 951
INFO 2026-06-11 21:20:13,798 log "POST /admin/login/?next=/admin/ HTTP/1.1" 302 0
INFO 2026-06-11 21:20:13,841 log "GET /admin/ HTTP/1.1" 200 13758
INFO 2026-06-11 21:20:15,534 log "GET /admin/main/cartitem/ HTTP/1.1" 200 10508
INFO 2026-06-11 21:20:15,583 log "GET /admin/jsi18n/ HTTP/1.1" 200 3342
INFO 2026-06-11 21:20:17,393 log "GET /admin/main/category/ HTTP/1.1" 200 11784
INFO 2026-06-11 21:20:17,445 log "GET /admin/jsi18n/ HTTP/1.1" 200 3342
INFO 2026-06-11 21:20:23,052 log "GET /admin/main/category/1/change/ HTTP/1.1" 200 11961
INFO 2026-06-11 21:20:23,108 log "GET /admin/jsi18n/ HTTP/1.1" 200 3342
INFO 2026-06-11 21:20:24,715 log "GET /admin/main/category/1/delete/ HTTP/1.1" 200 11161
INFO 2026-06-11 21:20:24,762 log "GET /static/admin/js/cancel.js HTTP/1.1" 200 884
INFO 2026-06-11 21:20:26,269 log "POST /admin/main/category/1/delete/ HTTP/1.1" 302 0
INFO 2026-06-11 21:20:26,306 log "GET /admin/main/category/ HTTP/1.1" 200 10669
INFO 2026-06-11 21:20:26,355 log "GET /admin/jsi18n/ HTTP/1.1" 200 3342
INFO 2026-06-11 21:20:28,021 log "GET /admin/main/dish/ HTTP/1.1" 200 10470
INFO 2026-06-11 21:20:28,063 log "GET /admin/jsi18n/ HTTP/1.1" 200 3342
INFO 2026-06-11 21:20:29,058 log "GET /admin/main/orderitem/ HTTP/1.1" 200 10516
INFO 2026-06-11 21:20:29,099 log "GET /admin/jsi18n/ HTTP/1.1" 200 3342
INFO 2026-06-11 21:20:30,128 log "GET /admin/main/order/ HTTP/1.1" 200 12642
INFO 2026-06-11 21:20:30,173 log "GET /admin/jsi18n/ HTTP/1.1" 200 3342
INFO 2026-06-11 21:20:32,733 log "GET /admin/main/order/4/change/ HTTP/1.1" 200 16769
INFO 2026-06-11 21:20:32,777 log "GET /admin/jsi18n/ HTTP/1.1" 200 3342
INFO 2026-06-11 21:20:34,205 log "GET /admin/main/order/4/delete/ HTTP/1.1" 200 10215
INFO 2026-06-11 21:20:36,117 log "POST /admin/main/order/4/delete/ HTTP/1.1" 302 0
INFO 2026-06-11 21:20:36,158 log "GET /admin/main/order/ HTTP/1.1" 200 12521
INFO 2026-06-11 21:20:36,203 log "GET /admin/jsi18n/ HTTP/1.1" 200 3342
INFO 2026-06-11 21:20:38,403 log "GET /admin/main/order/3/change/ HTTP/1.1" 200 16705
INFO 2026-06-11 21:20:38,451 log "GET /admin/jsi18n/ HTTP/1.1" 200 3342
INFO 2026-06-11 21:20:40,218 log "GET /admin/main/order/3/delete/ HTTP/1.1" 200 10215
INFO 2026-06-11 21:20:41,957 log "POST /admin/main/order/3/delete/ HTTP/1.1" 302 0
INFO 2026-06-11 21:20:41,996 log "GET /admin/main/order/ HTTP/1.1" 200 12229
INFO 2026-06-11 21:20:42,040 log "GET /admin/jsi18n/ HTTP/1.1" 200 3342
INFO 2026-06-11 21:20:43,457 log "GET /admin/main/order/2/change/ HTTP/1.1" 200 16705
INFO 2026-06-11 21:20:43,501 log "GET /admin/jsi18n/ HTTP/1.1" 200 3342
INFO 2026-06-11 21:20:45,075 log "GET /admin/main/order/2/delete/ HTTP/1.1" 200 10215
INFO 2026-06-11 21:20:46,792 log "POST /admin/main/order/2/delete/ HTTP/1.1" 302 0
INFO 2026-06-11 21:20:46,830 log "GET /admin/main/order/ HTTP/1.1" 200 11936
INFO 2026-06-11 21:20:46,871 log "GET /admin/jsi18n/ HTTP/1.1" 200 3342
INFO 2026-06-11 21:20:48,039 log "GET /admin/main/order/1/change/ HTTP/1.1" 200 16704
INFO 2026-06-11 21:20:48,085 log "GET /admin/jsi18n/ HTTP/1.1" 200 3342
INFO 2026-06-11 21:20:49,244 log "GET /admin/main/order/1/delete/ HTTP/1.1" 200 10215
INFO 2026-06-11 21:20:50,821 log "POST /admin/main/order/1/delete/ HTTP/1.1" 302 0
INFO 2026-06-11 21:20:50,855 log "GET /admin/main/order/ HTTP/1.1" 200 10649
INFO 2026-06-11 21:20:50,896 log "GET /admin/jsi18n/ HTTP/1.1" 200 3342
INFO 2026-06-11 21:20:51,885 log "GET /admin/main/review/ HTTP/1.1" 200 12768
INFO 2026-06-11 21:20:51,928 log "GET /admin/jsi18n/ HTTP/1.1" 200 3342
INFO 2026-06-11 21:20:53,475 log "GET /admin/main/review/4/change/ HTTP/1.1" 200 14676
INFO 2026-06-11 21:20:53,516 log "GET /admin/jsi18n/ HTTP/1.1" 200 3342
INFO 2026-06-11 21:20:54,681 log "GET /admin/main/review/4/delete/ HTTP/1.1" 200 10265
INFO 2026-06-11 21:20:55,922 log "POST /admin/main/review/4/delete/ HTTP/1.1" 302 0
INFO 2026-06-11 21:20:55,968 log "GET /admin/main/review/ HTTP/1.1" 200 12633
INFO 2026-06-11 21:20:56,014 log "GET /admin/jsi18n/ HTTP/1.1" 200 3342
INFO 2026-06-11 21:20:57,112 log "GET /admin/main/review/3/change/ HTTP/1.1" 200 14675
INFO 2026-06-11 21:20:57,163 log "GET /admin/jsi18n/ HTTP/1.1" 200 3342
INFO 2026-06-11 21:20:58,347 log "GET /admin/main/review/3/delete/ HTTP/1.1" 200 10265
INFO 2026-06-11 21:20:59,755 log "POST /admin/main/review/3/delete/ HTTP/1.1" 302 0
INFO 2026-06-11 21:20:59,819 log "GET /admin/main/review/ HTTP/1.1" 200 12312
INFO 2026-06-11 21:20:59,862 log "GET /admin/jsi18n/ HTTP/1.1" 200 3342
INFO 2026-06-11 21:21:00,816 log "GET /admin/main/review/2/change/ HTTP/1.1" 200 14674
INFO 2026-06-11 21:21:00,858 log "GET /admin/jsi18n/ HTTP/1.1" 200 3342
INFO 2026-06-11 21:21:03,884 log "GET /admin/main/review/2/delete/ HTTP/1.1" 200 10265
INFO 2026-06-11 21:21:05,502 log "POST /admin/main/review/2/delete/ HTTP/1.1" 302 0
INFO 2026-06-11 21:21:05,532 log "GET /admin/main/review/ HTTP/1.1" 200 11990
INFO 2026-06-11 21:21:05,570 log "GET /admin/jsi18n/ HTTP/1.1" 200 3342
INFO 2026-06-11 21:21:07,419 log "GET /admin/main/review/1/change/ HTTP/1.1" 200 14677
INFO 2026-06-11 21:21:07,461 log "GET /admin/jsi18n/ HTTP/1.1" 200 3342
INFO 2026-06-11 21:21:08,679 log "GET /admin/main/review/1/delete/ HTTP/1.1" 200 10265
INFO 2026-06-11 21:21:10,070 log "POST /admin/main/review/1/delete/ HTTP/1.1" 302 0
INFO 2026-06-11 21:21:10,104 log "GET /admin/main/review/ HTTP/1.1" 200 10672
INFO 2026-06-11 21:21:10,147 log "GET /admin/jsi18n/ HTTP/1.1" 200 3342
INFO 2026-06-11 21:21:11,411 log "GET /admin/main/user/ HTTP/1.1" 200 11716
INFO 2026-06-11 21:21:11,451 log "GET /admin/jsi18n/ HTTP/1.1" 200 3342
INFO 2026-06-11 21:21:12,728 log "GET /admin/main/user/1/change/ HTTP/1.1" 200 26633
INFO 2026-06-11 21:21:12,774 log "GET /admin/jsi18n/ HTTP/1.1" 200 3342
INFO 2026-06-11 21:21:12,795 log "GET /static/admin/js/calendar.js HTTP/1.1" 200 9159
INFO 2026-06-11 21:21:12,815 log "GET /static/admin/js/admin/DateTimeShortcuts.js HTTP/1.1" 200 19698
INFO 2026-06-11 21:21:12,915 log "GET /static/admin/img/icon-clock.svg HTTP/1.1" 200 805
INFO 2026-06-11 21:21:12,916 log "GET /static/admin/img/icon-calendar.svg HTTP/1.1" 200 1112
INFO 2026-06-11 21:21:30,488 log "POST /admin/main/user/1/change/ HTTP/1.1" 302 0
INFO 2026-06-11 21:21:30,521 log "GET /admin/main/user/ HTTP/1.1" 200 11908
INFO 2026-06-11 21:21:30,566 log "GET /admin/jsi18n/ HTTP/1.1" 200 3342
INFO 2026-06-11 21:21:35,671 log "GET /admin/ HTTP/1.1" 200 13278
INFO 2026-06-11 21:21:35,750 log "GET /static/admin/img/icon-deletelink.svg HTTP/1.1" 200 689
INFO 2026-06-11 21:21:36,487 log "GET / HTTP/1.1" 200 4081
INFO 2026-06-11 21:21:36,711 log "GET /static/main/css/style.css HTTP/1.1" 304 0
INFO 2026-06-11 21:21:39,837 log "GET /menu/ HTTP/1.1" 200 7446
INFO 2026-06-11 21:21:41,243 log "GET /cart/ HTTP/1.1" 200 3614
INFO 2026-06-11 21:21:41,940 log "GET /reviews/ HTTP/1.1" 200 3830
INFO 2026-06-11 21:21:42,926 log "GET /contacts/ HTTP/1.1" 200 9699
INFO 2026-06-11 21:21:44,153 log "GET /reviews/ HTTP/1.1" 200 3830
INFO 2026-06-11 21:21:45,171 log "GET /contacts/ HTTP/1.1" 200 9699
INFO 2026-06-11 21:21:48,047 log "GET / HTTP/1.1" 200 4081
INFO 2026-06-11 21:21:55,179 log "GET /admin/ HTTP/1.1" 200 13278
INFO 2026-06-11 21:21:56,965 log "GET /admin/ HTTP/1.1" 200 13278
INFO 2026-06-11 21:22:01,888 log "GET /admin/main/category/ HTTP/1.1" 200 10502
INFO 2026-06-11 21:22:01,934 log "GET /admin/jsi18n/ HTTP/1.1" 200 3342
INFO 2026-06-11 21:23:06,801 log "GET /admin/main/category/add/ HTTP/1.1" 200 11672
INFO 2026-06-11 21:23:06,847 log "GET /admin/jsi18n/ HTTP/1.1" 200 3342
INFO 2026-06-11 21:23:20,144 log "POST /admin/main/category/add/ HTTP/1.1" 302 0
INFO 2026-06-11 21:23:20,171 log "GET /admin/main/category/ HTTP/1.1" 200 11994
INFO 2026-06-11 21:23:20,213 log "GET /admin/jsi18n/ HTTP/1.1" 200 3342
INFO 2026-06-11 21:23:22,077 log "GET /admin/main/category/add/ HTTP/1.1" 200 11672
INFO 2026-06-11 21:23:22,118 log "GET /admin/jsi18n/ HTTP/1.1" 200 3342
INFO 2026-06-11 21:23:57,660 log "POST /admin/main/category/add/ HTTP/1.1" 302 0
INFO 2026-06-11 21:23:57,691 log "GET /admin/main/category/ HTTP/1.1" 200 12252
INFO 2026-06-11 21:23:57,732 log "GET /admin/jsi18n/ HTTP/1.1" 200 3342
INFO 2026-06-11 21:23:59,250 log "GET /admin/main/category/add/ HTTP/1.1" 200 11672
INFO 2026-06-11 21:23:59,292 log "GET /admin/jsi18n/ HTTP/1.1" 200 3342
INFO 2026-06-11 21:24:11,681 log "POST /admin/main/category/add/ HTTP/1.1" 302 0
INFO 2026-06-11 21:24:11,718 log "GET /admin/main/category/ HTTP/1.1" 200 12517
INFO 2026-06-11 21:24:11,759 log "GET /admin/jsi18n/ HTTP/1.1" 200 3342
INFO 2026-06-11 21:24:13,595 log "GET /admin/main/category/add/ HTTP/1.1" 200 11672
INFO 2026-06-11 21:24:13,641 log "GET /admin/jsi18n/ HTTP/1.1" 200 3342
INFO 2026-06-11 21:24:25,694 log "POST /admin/main/category/add/ HTTP/1.1" 302 0
INFO 2026-06-11 21:24:25,734 log "GET /admin/main/category/ HTTP/1.1" 200 12833
INFO 2026-06-11 21:24:25,780 log "GET /admin/jsi18n/ HTTP/1.1" 200 3342
INFO 2026-06-11 21:24:32,232 log "GET /admin/main/category/add/ HTTP/1.1" 200 11672
INFO 2026-06-11 21:24:32,282 log "GET /admin/jsi18n/ HTTP/1.1" 200 3342
INFO 2026-06-11 21:24:44,536 log "POST /admin/main/category/add/ HTTP/1.1" 302 0
INFO 2026-06-11 21:24:44,586 log "GET /admin/main/category/ HTTP/1.1" 200 13087
INFO 2026-06-11 21:24:44,626 log "GET /admin/jsi18n/ HTTP/1.1" 200 3342
INFO 2026-06-11 21:24:47,935 log "GET /admin/main/category/add/ HTTP/1.1" 200 11672
INFO 2026-06-11 21:24:47,977 log "GET /admin/jsi18n/ HTTP/1.1" 200 3342
INFO 2026-06-11 21:24:57,778 log "POST /admin/main/category/add/ HTTP/1.1" 302 0
INFO 2026-06-11 21:24:57,813 log "GET /admin/main/category/ HTTP/1.1" 200 13362
INFO 2026-06-11 21:24:57,854 log "GET /admin/jsi18n/ HTTP/1.1" 200 3342
INFO 2026-06-11 21:24:59,546 log "GET /admin/main/category/add/ HTTP/1.1" 200 11672
INFO 2026-06-11 21:24:59,598 log "GET /admin/jsi18n/ HTTP/1.1" 200 3342
INFO 2026-06-11 21:25:19,260 log "POST /admin/main/category/add/ HTTP/1.1" 302 0
INFO 2026-06-11 21:25:19,290 log "GET /admin/main/category/ HTTP/1.1" 200 13641
INFO 2026-06-11 21:25:19,330 log "GET /admin/jsi18n/ HTTP/1.1" 200 3342
INFO 2026-06-11 21:25:24,623 log "GET /admin/main/category/add/ HTTP/1.1" 200 11672
INFO 2026-06-11 21:25:24,664 log "GET /admin/jsi18n/ HTTP/1.1" 200 3342
INFO 2026-06-11 21:25:41,747 log "POST /admin/main/category/add/ HTTP/1.1" 302 0
INFO 2026-06-11 21:25:41,782 log "GET /admin/main/category/ HTTP/1.1" 200 13918
INFO 2026-06-11 21:25:41,821 log "GET /admin/jsi18n/ HTTP/1.1" 200 3342
INFO 2026-06-11 21:25:43,481 log "GET /admin/main/dish/ HTTP/1.1" 200 10470
INFO 2026-06-11 21:25:43,524 log "GET /admin/jsi18n/ HTTP/1.1" 200 3342
INFO 2026-06-11 21:25:47,020 log "GET /admin/main/dish/add/ HTTP/1.1" 200 17594
INFO 2026-06-11 21:25:47,062 log "GET /admin/jsi18n/ HTTP/1.1" 200 3342
INFO 2026-06-11 21:31:03,842 autoreload C:\Users\л\Desktop\Курсовая\quince\QUINCE\main\urls.py changed, reloading.
INFO 2026-06-11 21:31:04,810 autoreload Watching for file changes with StatReloader
INFO 2026-06-11 21:39:54,187 autoreload Watching for file changes with StatReloader
INFO 2026-06-11 21:40:01,489 log "GET /admin/main/dish/add/ HTTP/1.1" 200 16968
INFO 2026-06-11 21:40:01,536 log "GET /admin/jsi18n/ HTTP/1.1" 200 3342
INFO 2026-06-11 21:40:08,299 log "GET /admin/ HTTP/1.1" 200 13504
INFO 2026-06-11 21:40:08,763 log "GET / HTTP/1.1" 200 4081
INFO 2026-06-11 21:40:08,972 log "GET /static/main/css/style.css HTTP/1.1" 304 0
INFO 2026-06-11 21:40:11,064 log "GET / HTTP/1.1" 200 4081
INFO 2026-06-11 21:40:11,188 log "GET /static/main/css/style.css HTTP/1.1" 200 11078
WARNING 2026-06-11 21:40:11,909 log Not Found: /favicon.ico
WARNING 2026-06-11 21:40:11,910 log "GET /favicon.ico HTTP/1.1" 404 6592
INFO 2026-06-11 21:40:13,316 log "GET /menu/ HTTP/1.1" 200 8225
INFO 2026-06-11 21:40:23,520 log "GET / HTTP/1.1" 200 4081
INFO 2026-06-11 21:40:26,783 log "GET /admin/ HTTP/1.1" 200 13504
INFO 2026-06-11 21:40:30,069 log "GET /admin/main/dish/ HTTP/1.1" 200 10470
INFO 2026-06-11 21:40:30,117 log "GET /admin/jsi18n/ HTTP/1.1" 200 3342
INFO 2026-06-11 21:40:32,306 log "GET /admin/main/dish/add/ HTTP/1.1" 200 16968
INFO 2026-06-11 21:40:32,351 log "GET /admin/jsi18n/ HTTP/1.1" 200 3342
ERROR 2026-06-11 22:00:58,603 log Internal Server Error: /admin/main/dish/add/
Traceback (most recent call last):
  File "C:\pyton\Lib\site-packages\django\core\handlers\exception.py", line 55, in inner
    response = get_response(request)
               ^^^^^^^^^^^^^^^^^^^^^
  File "C:\pyton\Lib\site-packages\django\core\handlers\base.py", line 198, in _get_response
    response = wrapped_callback(request, *callback_args, **callback_kwargs)
               ^^^^^^^^^^^^^^^^^^^^^^^^^^^^^^^^^^^^^^^^^^^^^^^^^^^^^^^^^^^^
  File "C:\pyton\Lib\site-packages\django\contrib\admin\options.py", line 711, in wrapper
    return self.admin_site.admin_view(view)(*args, **kwargs)
           ^^^^^^^^^^^^^^^^^^^^^^^^^^^^^^^^^^^^^^^^^^^^^^^^^
  File "C:\pyton\Lib\site-packages\django\utils\decorators.py", line 192, in _view_wrapper
    result = _process_exception(request, e)
             ^^^^^^^^^^^^^^^^^^^^^^^^^^^^^^
  File "C:\pyton\Lib\site-packages\django\utils\decorators.py", line 190, in _view_wrapper
    response = view_func(request, *args, **kwargs)
               ^^^^^^^^^^^^^^^^^^^^^^^^^^^^^^^^^^^
  File "C:\pyton\Lib\site-packages\django\views\decorators\cache.py", line 80, in _view_wrapper
    response = view_func(request, *args, **kwargs)
               ^^^^^^^^^^^^^^^^^^^^^^^^^^^^^^^^^^^
  File "C:\pyton\Lib\site-packages\django\contrib\admin\sites.py", line 247, in inner
    return view(request, *args, **kwargs)
           ^^^^^^^^^^^^^^^^^^^^^^^^^^^^^^
  File "C:\pyton\Lib\site-packages\django\contrib\admin\options.py", line 1943, in add_view
    return self.changeform_view(request, None, form_url, extra_context)
           ^^^^^^^^^^^^^^^^^^^^^^^^^^^^^^^^^^^^^^^^^^^^^^^^^^^^^^^^^^^^
  File "C:\pyton\Lib\site-packages\django\utils\decorators.py", line 48, in _wrapper
    return bound_method(*args, **kwargs)
           ^^^^^^^^^^^^^^^^^^^^^^^^^^^^^
  File "C:\pyton\Lib\site-packages\django\utils\decorators.py", line 192, in _view_wrapper
    result = _process_exception(request, e)
             ^^^^^^^^^^^^^^^^^^^^^^^^^^^^^^
  File "C:\pyton\Lib\site-packages\django\utils\decorators.py", line 190, in _view_wrapper
    response = view_func(request, *args, **kwargs)
               ^^^^^^^^^^^^^^^^^^^^^^^^^^^^^^^^^^^
  File "C:\pyton\Lib\site-packages\django\contrib\admin\options.py", line 1802, in changeform_view
    return self._changeform_view(request, object_id, form_url, extra_context)
           ^^^^^^^^^^^^^^^^^^^^^^^^^^^^^^^^^^^^^^^^^^^^^^^^^^^^^^^^^^^^^^^^^^
  File "C:\pyton\Lib\site-packages\django\contrib\admin\options.py", line 1853, in _changeform_view
    self.save_model(request, new_object, form, not add)
  File "C:\pyton\Lib\site-packages\django\contrib\admin\options.py", line 1273, in save_model
    obj.save()
  File "C:\pyton\Lib\site-packages\django\db\models\base.py", line 874, in save
    self.save_base(
  File "C:\pyton\Lib\site-packages\django\db\models\base.py", line 946, in save_base
    pre_save.send(
  File "C:\pyton\Lib\site-packages\django\dispatch\dispatcher.py", line 209, in send
    response = receiver(signal=self, sender=sender, **named)
               ^^^^^^^^^^^^^^^^^^^^^^^^^^^^^^^^^^^^^^^^^^^^^
  File "C:\Users\л\Desktop\Курсовая\quince\quince\main\signals.py", line 13, in dish_pre_save
    if not instance.slug:
           ^^^^^^^^^^^^^
AttributeError: 'Dish' object has no attribute 'slug'
ERROR 2026-06-11 22:00:58,616 log "POST /admin/main/dish/add/ HTTP/1.1" 500 151482
INFO 2026-06-11 22:02:59,444 autoreload Watching for file changes with StatReloader
INFO 2026-06-11 22:03:15,736 autoreload C:\Users\л\Desktop\Курсовая\quince\QUINCE\main\apps.py changed, reloading.
INFO 2026-06-11 22:03:16,635 autoreload Watching for file changes with StatReloader
INFO 2026-06-11 22:03:24,259 log "POST /admin/main/dish/add/ HTTP/1.1" 302 0
INFO 2026-06-11 22:03:24,387 log "GET /admin/main/dish/ HTTP/1.1" 200 12167
INFO 2026-06-11 22:03:24,440 log "GET /admin/jsi18n/ HTTP/1.1" 200 3342
INFO 2026-06-11 22:03:30,896 log "GET /admin/ HTTP/1.1" 200 13590
INFO 2026-06-11 22:03:31,789 log "GET / HTTP/1.1" 200 4081
INFO 2026-06-11 22:03:31,969 log "GET /static/main/css/style.css HTTP/1.1" 304 0
INFO 2026-06-11 22:03:34,409 log "GET /menu/ HTTP/1.1" 200 9341
INFO 2026-06-11 22:03:34,566 log "GET /media/dishes/omlet-so-strachatelloj-i-tomatami-1000x940.jpg HTTP/1.1" 200 92856
INFO 2026-06-11 22:03:57,060 log "GET / HTTP/1.1" 200 4081
INFO 2026-06-11 22:03:58,173 log "GET /admin/ HTTP/1.1" 200 13590
INFO 2026-06-11 22:04:00,576 log "GET /admin/ HTTP/1.1" 200 13590
INFO 2026-06-11 22:04:04,804 log "GET /admin/main/dish/ HTTP/1.1" 200 11892
INFO 2026-06-11 22:04:04,848 log "GET /admin/jsi18n/ HTTP/1.1" 200 3342
INFO 2026-06-11 22:04:07,074 log "GET /admin/main/dish/add/ HTTP/1.1" 200 16968
INFO 2026-06-11 22:04:07,117 log "GET /admin/jsi18n/ HTTP/1.1" 200 3342
INFO 2026-06-11 22:08:29,153 log "POST /admin/main/dish/add/ HTTP/1.1" 302 0
INFO 2026-06-11 22:08:29,221 log "GET /admin/main/dish/ HTTP/1.1" 200 12534
INFO 2026-06-11 22:08:29,266 log "GET /admin/jsi18n/ HTTP/1.1" 200 3342
INFO 2026-06-11 22:08:33,513 log "GET /admin/main/dish/2/change/ HTTP/1.1" 200 17567
INFO 2026-06-11 22:08:33,556 log "GET /admin/jsi18n/ HTTP/1.1" 200 3342
INFO 2026-06-11 22:12:19,511 log "POST /admin/main/dish/2/change/ HTTP/1.1" 302 0
INFO 2026-06-11 22:12:19,582 log "GET /admin/main/dish/ HTTP/1.1" 200 12539
INFO 2026-06-11 22:12:19,624 log "GET /admin/jsi18n/ HTTP/1.1" 200 3342
INFO 2026-06-11 22:12:23,940 log "GET /admin/ HTTP/1.1" 200 13701
INFO 2026-06-11 22:12:24,364 log "GET / HTTP/1.1" 200 4081
INFO 2026-06-11 22:12:24,557 log "GET /static/main/css/style.css HTTP/1.1" 304 0
INFO 2026-06-11 22:12:27,084 log "GET /menu/ HTTP/1.1" 200 10441
INFO 2026-06-11 22:12:27,119 log "GET /media/dishes/omlet-so-strachatelloj-i-tomatami-1000x940.jpg HTTP/1.1" 304 0
INFO 2026-06-11 22:12:27,121 log "GET /media/dishes/BEKON.PNG HTTP/1.1" 200 28960
INFO 2026-06-11 22:14:54,235 autoreload Watching for file changes with StatReloader
INFO 2026-06-11 22:14:57,798 log "GET /menu/ HTTP/1.1" 200 10441
INFO 2026-06-11 22:14:57,828 log "GET /media/dishes/BEKON.PNG HTTP/1.1" 304 0
INFO 2026-06-11 22:14:57,828 log "GET /media/dishes/omlet-so-strachatelloj-i-tomatami-1000x940.jpg HTTP/1.1" 304 0
INFO 2026-06-11 22:15:06,971 log "GET /add-to-cart/2/ HTTP/1.1" 302 0
INFO 2026-06-11 22:15:06,993 log "GET /menu/ HTTP/1.1" 200 10596
INFO 2026-06-11 22:15:08,466 log "GET /cart/ HTTP/1.1" 200 5511
INFO 2026-06-11 22:15:11,917 log "POST /update-cart/11/ HTTP/1.1" 302 0
INFO 2026-06-11 22:15:11,942 log "GET /cart/ HTTP/1.1" 200 5511
INFO 2026-06-11 22:15:19,987 log "GET /remove-from-cart/11/ HTTP/1.1" 302 0
INFO 2026-06-11 22:15:20,007 log "GET /cart/ HTTP/1.1" 200 3614
INFO 2026-06-11 22:15:21,882 log "GET / HTTP/1.1" 200 4081
INFO 2026-06-11 22:18:20,706 autoreload C:\Users\л\Desktop\Курсовая\quince\QUINCE\main\models.py changed, reloading.
INFO 2026-06-11 22:18:21,637 autoreload Watching for file changes with StatReloader
INFO 2026-06-11 22:21:22,487 autoreload Watching for file changes with StatReloader
INFO 2026-06-11 22:21:29,649 log "GET / HTTP/1.1" 200 4081
INFO 2026-06-11 22:21:29,766 log "GET /static/main/css/style.css HTTP/1.1" 200 11078
WARNING 2026-06-11 22:21:30,523 log Not Found: /favicon.ico
WARNING 2026-06-11 22:21:30,524 log "GET /favicon.ico HTTP/1.1" 404 6592
INFO 2026-06-11 22:21:31,870 log "GET /cart/ HTTP/1.1" 200 3614
INFO 2026-06-11 22:21:33,494 log "GET /menu/ HTTP/1.1" 200 10441
INFO 2026-06-11 22:21:33,522 log "GET /media/dishes/BEKON.PNG HTTP/1.1" 304 0
INFO 2026-06-11 22:21:33,523 log "GET /media/dishes/omlet-so-strachatelloj-i-tomatami-1000x940.jpg HTTP/1.1" 304 0
INFO 2026-06-11 22:21:35,408 log "GET /add-to-cart/2/ HTTP/1.1" 302 0
INFO 2026-06-11 22:21:35,429 log "GET /menu/ HTTP/1.1" 200 10596
INFO 2026-06-11 22:21:37,505 log "GET /cart/ HTTP/1.1" 200 5511
INFO 2026-06-11 22:21:38,726 log "GET /checkout/ HTTP/1.1" 200 5518
ERROR 2026-06-11 22:21:45,118 log Internal Server Error: /checkout/
Traceback (most recent call last):
  File "C:\pyton\Lib\site-packages\django\core\handlers\exception.py", line 55, in inner
    response = get_response(request)
               ^^^^^^^^^^^^^^^^^^^^^
  File "C:\pyton\Lib\site-packages\django\core\handlers\base.py", line 198, in _get_response
    response = wrapped_callback(request, *callback_args, **callback_kwargs)
               ^^^^^^^^^^^^^^^^^^^^^^^^^^^^^^^^^^^^^^^^^^^^^^^^^^^^^^^^^^^^
  File "C:\pyton\Lib\site-packages\django\contrib\auth\decorators.py", line 59, in _view_wrapper
    return view_func(request, *args, **kwargs)
           ^^^^^^^^^^^^^^^^^^^^^^^^^^^^^^^^^^^
  File "C:\Users\л\Desktop\Курсовая\quince\quince\main\views.py", line 84, in checkout
    payment_method=payment_method,
                  ^^^^^^^^^^^^^^
NameError: name 'payment_method' is not defined
ERROR 2026-06-11 22:21:45,127 log "POST /checkout/ HTTP/1.1" 500 81917
INFO 2026-06-11 22:23:51,841 autoreload Watching for file changes with StatReloader
INFO 2026-06-11 22:23:55,771 log "POST /checkout/ HTTP/1.1" 302 0
INFO 2026-06-11 22:23:55,835 log "GET /order-history/ HTTP/1.1" 200 8493
INFO 2026-06-11 22:24:13,619 log "GET /logout/ HTTP/1.1" 302 0
INFO 2026-06-11 22:24:13,638 log "GET / HTTP/1.1" 200 3969
INFO 2026-06-12 22:15:56,347 autoreload Watching for file changes with StatReloader
WARNING 2026-06-12 22:16:03,088 log Not Found: /favicon.ico
WARNING 2026-06-12 22:16:03,089 log "GET /favicon.ico HTTP/1.1" 404 6592
WARNING 2026-06-12 22:16:06,350 log Not Found: /favicon.ico
WARNING 2026-06-12 22:16:06,351 log "GET /favicon.ico HTTP/1.1" 404 6592
INFO 2026-06-12 22:16:07,080 log "GET / HTTP/1.1" 200 3969
INFO 2026-06-12 22:16:07,107 log "GET /static/main/css/style.css HTTP/1.1" 304 0
INFO 2026-06-12 22:16:11,329 log "GET /login/ HTTP/1.1" 200 4093
INFO 2026-06-12 22:16:14,324 log "POST /login/ HTTP/1.1" 302 0
INFO 2026-06-12 22:16:14,362 log "GET / HTTP/1.1" 200 4081
INFO 2026-06-12 22:16:16,107 log "GET /menu/ HTTP/1.1" 200 10441
INFO 2026-06-12 22:16:16,141 log "GET /media/dishes/omlet-so-strachatelloj-i-tomatami-1000x940.jpg HTTP/1.1" 304 0
INFO 2026-06-12 22:16:16,142 log "GET /media/dishes/BEKON.PNG HTTP/1.1" 304 0
INFO 2026-06-12 22:16:34,901 log "GET /contacts/ HTTP/1.1" 200 9699
INFO 2026-06-12 22:17:13,669 log "GET /contacts/ HTTP/1.1" 200 9699
INFO 2026-06-12 22:17:39,886 log "GET /menu/ HTTP/1.1" 200 10441
INFO 2026-06-12 22:17:52,372 log "GET / HTTP/1.1" 200 4081
INFO 2026-06-14 16:56:55,288 autoreload Watching for file changes with StatReloader
WARNING 2026-06-14 16:57:03,164 log Not Found: /favicon.ico
WARNING 2026-06-14 16:57:03,165 log "GET /favicon.ico HTTP/1.1" 404 6592
INFO 2026-06-14 16:57:05,011 log "GET /menu/ HTTP/1.1" 200 10441
INFO 2026-06-14 16:57:05,033 log "GET /media/dishes/BEKON.PNG HTTP/1.1" 304 0
INFO 2026-06-14 16:57:05,033 log "GET /static/main/css/style.css HTTP/1.1" 304 0
INFO 2026-06-14 16:57:05,033 log "GET /media/dishes/omlet-so-strachatelloj-i-tomatami-1000x940.jpg HTTP/1.1" 304 0
INFO 2026-06-14 16:57:08,641 log "GET /menu/ HTTP/1.1" 200 10441
INFO 2026-06-14 16:57:10,346 log "GET / HTTP/1.1" 200 4081
INFO 2026-06-14 16:57:16,497 log "GET /menu/ HTTP/1.1" 200 10441
INFO 2026-06-14 16:57:25,929 log "GET /contacts/ HTTP/1.1" 200 9699
INFO 2026-06-14 17:03:10,509 log "GET /contacts/ HTTP/1.1" 200 9733
INFO 2026-06-14 17:03:22,954 log "GET /contacts/ HTTP/1.1" 200 9682
INFO 2026-06-14 17:04:25,861 log "GET /contacts/ HTTP/1.1" 200 9682
INFO 2026-06-14 17:04:30,675 log "GET /contacts/ HTTP/1.1" 200 9682
INFO 2026-06-14 17:05:10,195 log "GET /contacts/ HTTP/1.1" 200 9682
INFO 2026-06-14 17:05:42,326 log "GET /contacts/ HTTP/1.1" 200 9682
INFO 2026-06-14 17:10:13,463 log "GET /contacts/ HTTP/1.1" 200 9706
INFO 2026-06-14 17:12:01,297 log "GET /contacts/ HTTP/1.1" 200 9767
INFO 2026-06-14 17:16:42,911 log "GET /contacts/ HTTP/1.1" 200 8981
